Analysis & Synthesis report for main
Tue Sep 29 11:11:55 2026
Quartus Prime Version 25.1std.0 Build 1129 10/21/2025 SC Lite Edition


---------------------
; Table of Contents ;
---------------------
  1. Legal Notice
  2. Analysis & Synthesis Summary
  3. Analysis & Synthesis Settings
  4. Parallel Compilation
  5. Analysis & Synthesis Source Files Read
  6. Analysis & Synthesis Resource Usage Summary
  7. Analysis & Synthesis Resource Utilization by Entity
  8. General Register Statistics
  9. Port Connectivity Checks: "Counter_1Hz:CLK_1"
 10. Post-Synthesis Netlist Statistics for Top Partition
 11. Elapsed Time Per Partition
 12. Analysis & Synthesis Messages



----------------
; Legal Notice ;
----------------
Copyright (C) 2025  Altera Corporation. All rights reserved.
Your use of Altera Corporation's design tools, logic functions 
and other software and tools, and any partner logic 
functions, and any output files from any of the foregoing 
(including device programming or simulation files), and any 
associated documentation or information are expressly subject 
to the terms and conditions of the Altera Program License 
Subscription Agreement, the Altera Quartus Prime License Agreement,
the Altera IP License Agreement, or other applicable license
agreement, including, without limitation, that your use is for
the sole purpose of programming logic devices manufactured by
Altera and sold by Altera or its authorized distributors.  Please
refer to the Altera Software License Subscription Agreements 
on the Quartus Prime software download page.



+--------------------------------------------------------------------------------------+
; Analysis & Synthesis Summary                                                         ;
+------------------------------------+-------------------------------------------------+
; Analysis & Synthesis Status        ; Successful - Tue Sep 29 11:11:55 2026           ;
; Quartus Prime Version              ; 25.1std.0 Build 1129 10/21/2025 SC Lite Edition ;
; Revision Name                      ; main                                            ;
; Top-level Entity Name              ; main                                            ;
; Family                             ; MAX 10                                          ;
; Total logic elements               ; 64                                              ;
;     Total combinational functions  ; 64                                              ;
;     Dedicated logic registers      ; 35                                              ;
; Total registers                    ; 35                                              ;
; Total pins                         ; 69                                              ;
; Total virtual pins                 ; 0                                               ;
; Total memory bits                  ; 0                                               ;
; Embedded Multiplier 9-bit elements ; 0                                               ;
; Total PLLs                         ; 0                                               ;
; UFM blocks                         ; 0                                               ;
; ADC blocks                         ; 0                                               ;
+------------------------------------+-------------------------------------------------+


+------------------------------------------------------------------------------------------------------------+
; Analysis & Synthesis Settings                                                                              ;
+------------------------------------------------------------------+--------------------+--------------------+
; Option                                                           ; Setting            ; Default Value      ;
+------------------------------------------------------------------+--------------------+--------------------+
; Device                                                           ; 10M50DAF484C7G     ;                    ;
; Top-level entity name                                            ; main               ; main               ;
; Family name                                                      ; MAX 10             ; Cyclone V          ;
; Use smart compilation                                            ; Off                ; Off                ;
; Enable parallel Assembler and Timing Analyzer during compilation ; On                 ; On                 ;
; Enable compact report table                                      ; Off                ; Off                ;
; Restructure Multiplexers                                         ; Auto               ; Auto               ;
; Create Debugging Nodes for IP Cores                              ; Off                ; Off                ;
; Preserve fewer node names                                        ; On                 ; On                 ;
; Intel FPGA IP Evaluation Mode                                    ; Enable             ; Enable             ;
; Verilog Version                                                  ; Verilog_2001       ; Verilog_2001       ;
; VHDL Version                                                     ; VHDL_1993          ; VHDL_1993          ;
; State Machine Processing                                         ; Auto               ; Auto               ;
; Safe State Machine                                               ; Off                ; Off                ;
; Extract Verilog State Machines                                   ; On                 ; On                 ;
; Extract VHDL State Machines                                      ; On                 ; On                 ;
; Ignore Verilog initial constructs                                ; Off                ; Off                ;
; Iteration limit for constant Verilog loops                       ; 5000               ; 5000               ;
; Iteration limit for non-constant Verilog loops                   ; 250                ; 250                ;
; Add Pass-Through Logic to Inferred RAMs                          ; On                 ; On                 ;
; Infer RAMs from Raw Logic                                        ; On                 ; On                 ;
; Parallel Synthesis                                               ; On                 ; On                 ;
; DSP Block Balancing                                              ; Auto               ; Auto               ;
; NOT Gate Push-Back                                               ; On                 ; On                 ;
; Power-Up Don't Care                                              ; On                 ; On                 ;
; Remove Redundant Logic Cells                                     ; Off                ; Off                ;
; Remove Duplicate Registers                                       ; On                 ; On                 ;
; Ignore CARRY Buffers                                             ; Off                ; Off                ;
; Ignore CASCADE Buffers                                           ; Off                ; Off                ;
; Ignore GLOBAL Buffers                                            ; Off                ; Off                ;
; Ignore ROW GLOBAL Buffers                                        ; Off                ; Off                ;
; Ignore LCELL Buffers                                             ; Off                ; Off                ;
; Ignore SOFT Buffers                                              ; On                 ; On                 ;
; Limit AHDL Integers to 32 Bits                                   ; Off                ; Off                ;
; Optimization Technique                                           ; Balanced           ; Balanced           ;
; Carry Chain Length                                               ; 70                 ; 70                 ;
; Auto Carry Chains                                                ; On                 ; On                 ;
; Auto Open-Drain Pins                                             ; On                 ; On                 ;
; Perform WYSIWYG Primitive Resynthesis                            ; Off                ; Off                ;
; Auto ROM Replacement                                             ; On                 ; On                 ;
; Auto RAM Replacement                                             ; On                 ; On                 ;
; Auto DSP Block Replacement                                       ; On                 ; On                 ;
; Auto Shift Register Replacement                                  ; Auto               ; Auto               ;
; Allow Shift Register Merging across Hierarchies                  ; Auto               ; Auto               ;
; Auto Clock Enable Replacement                                    ; On                 ; On                 ;
; Strict RAM Replacement                                           ; Off                ; Off                ;
; Allow Synchronous Control Signals                                ; On                 ; On                 ;
; Force Use of Synchronous Clear Signals                           ; Off                ; Off                ;
; Auto RAM Block Balancing                                         ; On                 ; On                 ;
; Auto RAM to Logic Cell Conversion                                ; Off                ; Off                ;
; Auto Resource Sharing                                            ; Off                ; Off                ;
; Allow Any RAM Size For Recognition                               ; Off                ; Off                ;
; Allow Any ROM Size For Recognition                               ; Off                ; Off                ;
; Allow Any Shift Register Size For Recognition                    ; Off                ; Off                ;
; Use LogicLock Constraints during Resource Balancing              ; On                 ; On                 ;
; Ignore translate_off and synthesis_off directives                ; Off                ; Off                ;
; Timing-Driven Synthesis                                          ; On                 ; On                 ;
; Report Parameter Settings                                        ; On                 ; On                 ;
; Report Source Assignments                                        ; On                 ; On                 ;
; Report Connectivity Checks                                       ; On                 ; On                 ;
; Ignore Maximum Fan-Out Assignments                               ; Off                ; Off                ;
; Synchronization Register Chain Length                            ; 2                  ; 2                  ;
; Power Optimization During Synthesis                              ; Normal compilation ; Normal compilation ;
; HDL message level                                                ; Level2             ; Level2             ;
; Suppress Register Optimization Related Messages                  ; Off                ; Off                ;
; Number of Removed Registers Reported in Synthesis Report         ; 5000               ; 5000               ;
; Number of Swept Nodes Reported in Synthesis Report               ; 5000               ; 5000               ;
; Number of Inverted Registers Reported in Synthesis Report        ; 100                ; 100                ;
; Clock MUX Protection                                             ; On                 ; On                 ;
; Auto Gated Clock Conversion                                      ; Off                ; Off                ;
; Block Design Naming                                              ; Auto               ; Auto               ;
; SDC constraint protection                                        ; Off                ; Off                ;
; Synthesis Effort                                                 ; Auto               ; Auto               ;
; Shift Register Replacement - Allow Asynchronous Clear Signal     ; On                 ; On                 ;
; Pre-Mapping Resynthesis Optimization                             ; Off                ; Off                ;
; Analysis & Synthesis Message Level                               ; Medium             ; Medium             ;
; Disable Register Merging Across Hierarchies                      ; Auto               ; Auto               ;
; Resource Aware Inference For Block RAM                           ; On                 ; On                 ;
+------------------------------------------------------------------+--------------------+--------------------+


+------------------------------------------+
; Parallel Compilation                     ;
+----------------------------+-------------+
; Processors                 ; Number      ;
+----------------------------+-------------+
; Number detected on machine ; 16          ;
; Maximum allowed            ; 16          ;
;                            ;             ;
; Average used               ; 1.00        ;
; Maximum used               ; 16          ;
;                            ;             ;
; Usage by Processor         ; % Time Used ;
;     Processor 1            ; 100.0%      ;
;     Processors 2-16        ;   0.0%      ;
+----------------------------+-------------+


+----------------------------------------------------------------------------------------------------------------------------------------------------------------------------------------------+
; Analysis & Synthesis Source Files Read                                                                                                                                                       ;
+----------------------------------+-----------------+------------------------+------------------------------------------------------------------------------------------------------+---------+
; File Name with User-Entered Path ; Used in Netlist ; File Type              ; File Name with Absolute Path                                                                         ; Library ;
+----------------------------------+-----------------+------------------------+------------------------------------------------------------------------------------------------------+---------+
; main.v                           ; yes             ; User Verilog HDL File  ; C:/Users/jddow/OneDrive/Documents/Github/ENCE_3100_Jefferson_Downes_2026/Lab4/Quartus/main.v         ;         ;
; TFlipFlop.v                      ; yes             ; User Verilog HDL File  ; C:/Users/jddow/OneDrive/Documents/Github/ENCE_3100_Jefferson_Downes_2026/Lab4/Quartus/TFlipFlop.v    ;         ;
; Counter_8bit.v                   ; yes             ; User Verilog HDL File  ; C:/Users/jddow/OneDrive/Documents/Github/ENCE_3100_Jefferson_Downes_2026/Lab4/Quartus/Counter_8bit.v ;         ;
; Counter_1Hz.v                    ; yes             ; User Verilog HDL File  ; C:/Users/jddow/OneDrive/Documents/Github/ENCE_3100_Jefferson_Downes_2026/Lab4/Quartus/Counter_1Hz.v  ;         ;
+----------------------------------+-----------------+------------------------+------------------------------------------------------------------------------------------------------+---------+


+-------------------------------------------------------------------+
; Analysis & Synthesis Resource Usage Summary                       ;
+---------------------------------------------+---------------------+
; Resource                                    ; Usage               ;
+---------------------------------------------+---------------------+
; Estimated Total logic elements              ; 64                  ;
;                                             ;                     ;
; Total combinational functions               ; 64                  ;
; Logic element usage by number of LUT inputs ;                     ;
;     -- 4 input functions                    ; 29                  ;
;     -- 3 input functions                    ; 5                   ;
;     -- <=2 input functions                  ; 30                  ;
;                                             ;                     ;
; Logic elements by mode                      ;                     ;
;     -- normal mode                          ; 39                  ;
;     -- arithmetic mode                      ; 25                  ;
;                                             ;                     ;
; Total registers                             ; 35                  ;
;     -- Dedicated logic registers            ; 35                  ;
;     -- I/O registers                        ; 0                   ;
;                                             ;                     ;
; I/O pins                                    ; 69                  ;
;                                             ;                     ;
; Embedded Multiplier 9-bit elements          ; 0                   ;
;                                             ;                     ;
; Maximum fan-out node                        ; MAX10_CLK1_50~input ;
; Maximum fan-out                             ; 27                  ;
; Total fan-out                               ; 337                 ;
; Average fan-out                             ; 1.42                ;
+---------------------------------------------+---------------------+


+----------------------------------------------------------------------------------------------------------------------------------------------------------------------------------------------------------------------------------------------------------+
; Analysis & Synthesis Resource Utilization by Entity                                                                                                                                                                                                      ;
+----------------------------+---------------------+---------------------------+-------------+------------+--------------+---------+-----------+------+--------------+------------+------------------------------------------+--------------+--------------+
; Compilation Hierarchy Node ; Combinational ALUTs ; Dedicated Logic Registers ; Memory Bits ; UFM Blocks ; DSP Elements ; DSP 9x9 ; DSP 18x18 ; Pins ; Virtual Pins ; ADC blocks ; Full Hierarchy Name                      ; Entity Name  ; Library Name ;
+----------------------------+---------------------+---------------------------+-------------+------------+--------------+---------+-----------+------+--------------+------------+------------------------------------------+--------------+--------------+
; |main                      ; 64 (0)              ; 35 (0)                    ; 0           ; 0          ; 0            ; 0       ; 0         ; 69   ; 0            ; 0          ; |main                                    ; main         ; work         ;
;    |Counter_1Hz:CLK_1|     ; 52 (52)             ; 27 (27)                   ; 0           ; 0          ; 0            ; 0       ; 0         ; 0    ; 0            ; 0          ; |main|Counter_1Hz:CLK_1                  ; Counter_1Hz  ; work         ;
;    |Counter_8bit:TFF_1|    ; 12 (2)              ; 8 (0)                     ; 0           ; 0          ; 0            ; 0       ; 0         ; 0    ; 0            ; 0          ; |main|Counter_8bit:TFF_1                 ; Counter_8bit ; work         ;
;       |TFlipFlop:TFF_1|    ; 1 (1)               ; 1 (1)                     ; 0           ; 0          ; 0            ; 0       ; 0         ; 0    ; 0            ; 0          ; |main|Counter_8bit:TFF_1|TFlipFlop:TFF_1 ; TFlipFlop    ; work         ;
;       |TFlipFlop:TFF_2|    ; 1 (1)               ; 1 (1)                     ; 0           ; 0          ; 0            ; 0       ; 0         ; 0    ; 0            ; 0          ; |main|Counter_8bit:TFF_1|TFlipFlop:TFF_2 ; TFlipFlop    ; work         ;
;       |TFlipFlop:TFF_3|    ; 2 (2)               ; 1 (1)                     ; 0           ; 0          ; 0            ; 0       ; 0         ; 0    ; 0            ; 0          ; |main|Counter_8bit:TFF_1|TFlipFlop:TFF_3 ; TFlipFlop    ; work         ;
;       |TFlipFlop:TFF_4|    ; 1 (1)               ; 1 (1)                     ; 0           ; 0          ; 0            ; 0       ; 0         ; 0    ; 0            ; 0          ; |main|Counter_8bit:TFF_1|TFlipFlop:TFF_4 ; TFlipFlop    ; work         ;
;       |TFlipFlop:TFF_5|    ; 1 (1)               ; 1 (1)                     ; 0           ; 0          ; 0            ; 0       ; 0         ; 0    ; 0            ; 0          ; |main|Counter_8bit:TFF_1|TFlipFlop:TFF_5 ; TFlipFlop    ; work         ;
;       |TFlipFlop:TFF_6|    ; 2 (2)               ; 1 (1)                     ; 0           ; 0          ; 0            ; 0       ; 0         ; 0    ; 0            ; 0          ; |main|Counter_8bit:TFF_1|TFlipFlop:TFF_6 ; TFlipFlop    ; work         ;
;       |TFlipFlop:TFF_7|    ; 1 (1)               ; 1 (1)                     ; 0           ; 0          ; 0            ; 0       ; 0         ; 0    ; 0            ; 0          ; |main|Counter_8bit:TFF_1|TFlipFlop:TFF_7 ; TFlipFlop    ; work         ;
;       |TFlipFlop:TFF_8|    ; 1 (1)               ; 1 (1)                     ; 0           ; 0          ; 0            ; 0       ; 0         ; 0    ; 0            ; 0          ; |main|Counter_8bit:TFF_1|TFlipFlop:TFF_8 ; TFlipFlop    ; work         ;
+----------------------------+---------------------+---------------------------+-------------+------------+--------------+---------+-----------+------+--------------+------------+------------------------------------------+--------------+--------------+
Note: For table entries with two numbers listed, the numbers in parentheses indicate the number of resources of the given type used by the specific entity alone. The numbers listed outside of parentheses indicate the total resources of the given type used by the specific entity and all of its sub-entities in the hierarchy.


+------------------------------------------------------+
; General Register Statistics                          ;
+----------------------------------------------+-------+
; Statistic                                    ; Value ;
+----------------------------------------------+-------+
; Total registers                              ; 35    ;
; Number of registers using Synchronous Clear  ; 0     ;
; Number of registers using Synchronous Load   ; 0     ;
; Number of registers using Asynchronous Clear ; 0     ;
; Number of registers using Asynchronous Load  ; 0     ;
; Number of registers using Clock Enable       ; 0     ;
; Number of registers using Preset             ; 0     ;
+----------------------------------------------+-------+


+-----------------------------------------------+
; Port Connectivity Checks: "Counter_1Hz:CLK_1" ;
+-------+-------+----------+--------------------+
; Port  ; Type  ; Severity ; Details            ;
+-------+-------+----------+--------------------+
; clear ; Input ; Info     ; Stuck at GND       ;
+-------+-------+----------+--------------------+


+-----------------------------------------------------+
; Post-Synthesis Netlist Statistics for Top Partition ;
+-----------------------+-----------------------------+
; Type                  ; Count                       ;
+-----------------------+-----------------------------+
; boundary_port         ; 69                          ;
; cycloneiii_ff         ; 35                          ;
;     plain             ; 35                          ;
; cycloneiii_lcell_comb ; 66                          ;
;     arith             ; 25                          ;
;         2 data inputs ; 25                          ;
;     normal            ; 41                          ;
;         0 data inputs ; 2                           ;
;         1 data inputs ; 1                           ;
;         2 data inputs ; 4                           ;
;         3 data inputs ; 5                           ;
;         4 data inputs ; 29                          ;
;                       ;                             ;
; Max LUT depth         ; 4.50                        ;
; Average LUT depth     ; 3.29                        ;
+-----------------------+-----------------------------+


+-------------------------------+
; Elapsed Time Per Partition    ;
+----------------+--------------+
; Partition Name ; Elapsed Time ;
+----------------+--------------+
; Top            ; 00:00:00     ;
+----------------+--------------+


+-------------------------------+
; Analysis & Synthesis Messages ;
+-------------------------------+
Info: *******************************************************************
Info: Running Quartus Prime Analysis & Synthesis
    Info: Version 25.1std.0 Build 1129 10/21/2025 SC Lite Edition
    Info: Processing started: Tue Sep 29 11:11:48 2026
Info: Command: quartus_map --read_settings_files=on --write_settings_files=off main -c main
Warning (18236): Number of processors has not been specified which may cause overloading on shared machines.  Set the global assignment NUM_PARALLEL_PROCESSORS in your QSF to an appropriate value for best performance.
Info (20030): Parallel compilation is enabled and will use 16 of the 16 processors detected
Info (12021): Found 1 design units, including 1 entities, in source file main.v
    Info (12023): Found entity 1: main File: C:/Users/jddow/OneDrive/Documents/Github/ENCE_3100_Jefferson_Downes_2026/Lab4/Quartus/main.v Line: 1
Info (12021): Found 1 design units, including 1 entities, in source file seg7_decoder.v
    Info (12023): Found entity 1: Seg7_Decoder File: C:/Users/jddow/OneDrive/Documents/Github/ENCE_3100_Jefferson_Downes_2026/Lab4/Quartus/Seg7_Decoder.v Line: 3
Info (12021): Found 1 design units, including 1 entities, in source file mux_2_1.v
    Info (12023): Found entity 1: mux_2_1 File: C:/Users/jddow/OneDrive/Documents/Github/ENCE_3100_Jefferson_Downes_2026/Lab4/Quartus/mux_2_1.v Line: 1
Info (12021): Found 1 design units, including 1 entities, in source file circuita.v
    Info (12023): Found entity 1: CircuitA File: C:/Users/jddow/OneDrive/Documents/Github/ENCE_3100_Jefferson_Downes_2026/Lab4/Quartus/CircuitA.v Line: 2
Info (12021): Found 1 design units, including 1 entities, in source file circuitb.v
    Info (12023): Found entity 1: CircuitB File: C:/Users/jddow/OneDrive/Documents/Github/ENCE_3100_Jefferson_Downes_2026/Lab4/Quartus/CircuitB.v Line: 2
Info (12021): Found 1 design units, including 1 entities, in source file binary4_bcd.v
    Info (12023): Found entity 1: Binary4_BCD File: C:/Users/jddow/OneDrive/Documents/Github/ENCE_3100_Jefferson_Downes_2026/Lab4/Quartus/Binary4_BCD.v Line: 3
Info (12021): Found 1 design units, including 1 entities, in source file full_adder.v
    Info (12023): Found entity 1: Full_Adder File: C:/Users/jddow/OneDrive/Documents/Github/ENCE_3100_Jefferson_Downes_2026/Lab4/Quartus/Full_Adder.v Line: 2
Info (12021): Found 1 design units, including 1 entities, in source file ripple_adder_4.v
    Info (12023): Found entity 1: Ripple_Adder_4 File: C:/Users/jddow/OneDrive/Documents/Github/ENCE_3100_Jefferson_Downes_2026/Lab4/Quartus/Ripple_Adder_4.v Line: 2
Info (12021): Found 1 design units, including 1 entities, in source file bcd_adder_1.v
    Info (12023): Found entity 1: BCD_Adder_1 File: C:/Users/jddow/OneDrive/Documents/Github/ENCE_3100_Jefferson_Downes_2026/Lab4/Quartus/BCD_Adder_1.v Line: 3
Info (12021): Found 1 design units, including 1 entities, in source file bcd_adder_2.v
    Info (12023): Found entity 1: BCD_Adder_2 File: C:/Users/jddow/OneDrive/Documents/Github/ENCE_3100_Jefferson_Downes_2026/Lab4/Quartus/BCD_Adder_2.v Line: 2
Info (12021): Found 1 design units, including 1 entities, in source file switch_registers.v
    Info (12023): Found entity 1: Switch_Registers File: C:/Users/jddow/OneDrive/Documents/Github/ENCE_3100_Jefferson_Downes_2026/Lab4/Quartus/Switch_Registers.v Line: 5
Info (12021): Found 1 design units, including 1 entities, in source file tflipflop.v
    Info (12023): Found entity 1: TFlipFlop File: C:/Users/jddow/OneDrive/Documents/Github/ENCE_3100_Jefferson_Downes_2026/Lab4/Quartus/TFlipFlop.v Line: 1
Info (12021): Found 1 design units, including 1 entities, in source file counter_8bit.v
    Info (12023): Found entity 1: Counter_8bit File: C:/Users/jddow/OneDrive/Documents/Github/ENCE_3100_Jefferson_Downes_2026/Lab4/Quartus/Counter_8bit.v Line: 1
Info (12021): Found 1 design units, including 1 entities, in source file counter_1hz.v
    Info (12023): Found entity 1: Counter_1Hz File: C:/Users/jddow/OneDrive/Documents/Github/ENCE_3100_Jefferson_Downes_2026/Lab4/Quartus/Counter_1Hz.v Line: 1
Info (12127): Elaborating entity "main" for the top level hierarchy
Info (12128): Elaborating entity "Counter_1Hz" for hierarchy "Counter_1Hz:CLK_1" File: C:/Users/jddow/OneDrive/Documents/Github/ENCE_3100_Jefferson_Downes_2026/Lab4/Quartus/main.v Line: 14
Info (12128): Elaborating entity "Counter_8bit" for hierarchy "Counter_8bit:TFF_1" File: C:/Users/jddow/OneDrive/Documents/Github/ENCE_3100_Jefferson_Downes_2026/Lab4/Quartus/main.v Line: 21
Info (12128): Elaborating entity "TFlipFlop" for hierarchy "Counter_8bit:TFF_1|TFlipFlop:TFF_1" File: C:/Users/jddow/OneDrive/Documents/Github/ENCE_3100_Jefferson_Downes_2026/Lab4/Quartus/Counter_8bit.v Line: 24
Warning (13024): Output pins are stuck at VCC or GND
    Warning (13410): Pin "LEDR[8]" is stuck at GND File: C:/Users/jddow/OneDrive/Documents/Github/ENCE_3100_Jefferson_Downes_2026/Lab4/Quartus/main.v Line: 4
    Warning (13410): Pin "LEDR[9]" is stuck at GND File: C:/Users/jddow/OneDrive/Documents/Github/ENCE_3100_Jefferson_Downes_2026/Lab4/Quartus/main.v Line: 4
    Warning (13410): Pin "HEX0[0]" is stuck at VCC File: C:/Users/jddow/OneDrive/Documents/Github/ENCE_3100_Jefferson_Downes_2026/Lab4/Quartus/main.v Line: 5
    Warning (13410): Pin "HEX0[1]" is stuck at VCC File: C:/Users/jddow/OneDrive/Documents/Github/ENCE_3100_Jefferson_Downes_2026/Lab4/Quartus/main.v Line: 5
    Warning (13410): Pin "HEX0[2]" is stuck at VCC File: C:/Users/jddow/OneDrive/Documents/Github/ENCE_3100_Jefferson_Downes_2026/Lab4/Quartus/main.v Line: 5
    Warning (13410): Pin "HEX0[3]" is stuck at VCC File: C:/Users/jddow/OneDrive/Documents/Github/ENCE_3100_Jefferson_Downes_2026/Lab4/Quartus/main.v Line: 5
    Warning (13410): Pin "HEX0[4]" is stuck at VCC File: C:/Users/jddow/OneDrive/Documents/Github/ENCE_3100_Jefferson_Downes_2026/Lab4/Quartus/main.v Line: 5
    Warning (13410): Pin "HEX0[5]" is stuck at VCC File: C:/Users/jddow/OneDrive/Documents/Github/ENCE_3100_Jefferson_Downes_2026/Lab4/Quartus/main.v Line: 5
    Warning (13410): Pin "HEX0[6]" is stuck at VCC File: C:/Users/jddow/OneDrive/Documents/Github/ENCE_3100_Jefferson_Downes_2026/Lab4/Quartus/main.v Line: 5
    Warning (13410): Pin "HEX0[7]" is stuck at VCC File: C:/Users/jddow/OneDrive/Documents/Github/ENCE_3100_Jefferson_Downes_2026/Lab4/Quartus/main.v Line: 5
    Warning (13410): Pin "HEX1[0]" is stuck at VCC File: C:/Users/jddow/OneDrive/Documents/Github/ENCE_3100_Jefferson_Downes_2026/Lab4/Quartus/main.v Line: 5
    Warning (13410): Pin "HEX1[1]" is stuck at VCC File: C:/Users/jddow/OneDrive/Documents/Github/ENCE_3100_Jefferson_Downes_2026/Lab4/Quartus/main.v Line: 5
    Warning (13410): Pin "HEX1[2]" is stuck at VCC File: C:/Users/jddow/OneDrive/Documents/Github/ENCE_3100_Jefferson_Downes_2026/Lab4/Quartus/main.v Line: 5
    Warning (13410): Pin "HEX1[3]" is stuck at VCC File: C:/Users/jddow/OneDrive/Documents/Github/ENCE_3100_Jefferson_Downes_2026/Lab4/Quartus/main.v Line: 5
    Warning (13410): Pin "HEX1[4]" is stuck at VCC File: C:/Users/jddow/OneDrive/Documents/Github/ENCE_3100_Jefferson_Downes_2026/Lab4/Quartus/main.v Line: 5
    Warning (13410): Pin "HEX1[5]" is stuck at VCC File: C:/Users/jddow/OneDrive/Documents/Github/ENCE_3100_Jefferson_Downes_2026/Lab4/Quartus/main.v Line: 5
    Warning (13410): Pin "HEX1[6]" is stuck at VCC File: C:/Users/jddow/OneDrive/Documents/Github/ENCE_3100_Jefferson_Downes_2026/Lab4/Quartus/main.v Line: 5
    Warning (13410): Pin "HEX1[7]" is stuck at VCC File: C:/Users/jddow/OneDrive/Documents/Github/ENCE_3100_Jefferson_Downes_2026/Lab4/Quartus/main.v Line: 5
    Warning (13410): Pin "HEX2[0]" is stuck at VCC File: C:/Users/jddow/OneDrive/Documents/Github/ENCE_3100_Jefferson_Downes_2026/Lab4/Quartus/main.v Line: 5
    Warning (13410): Pin "HEX2[1]" is stuck at VCC File: C:/Users/jddow/OneDrive/Documents/Github/ENCE_3100_Jefferson_Downes_2026/Lab4/Quartus/main.v Line: 5
    Warning (13410): Pin "HEX2[2]" is stuck at VCC File: C:/Users/jddow/OneDrive/Documents/Github/ENCE_3100_Jefferson_Downes_2026/Lab4/Quartus/main.v Line: 5
    Warning (13410): Pin "HEX2[3]" is stuck at VCC File: C:/Users/jddow/OneDrive/Documents/Github/ENCE_3100_Jefferson_Downes_2026/Lab4/Quartus/main.v Line: 5
    Warning (13410): Pin "HEX2[4]" is stuck at VCC File: C:/Users/jddow/OneDrive/Documents/Github/ENCE_3100_Jefferson_Downes_2026/Lab4/Quartus/main.v Line: 5
    Warning (13410): Pin "HEX2[5]" is stuck at VCC File: C:/Users/jddow/OneDrive/Documents/Github/ENCE_3100_Jefferson_Downes_2026/Lab4/Quartus/main.v Line: 5
    Warning (13410): Pin "HEX2[6]" is stuck at VCC File: C:/Users/jddow/OneDrive/Documents/Github/ENCE_3100_Jefferson_Downes_2026/Lab4/Quartus/main.v Line: 5
    Warning (13410): Pin "HEX2[7]" is stuck at VCC File: C:/Users/jddow/OneDrive/Documents/Github/ENCE_3100_Jefferson_Downes_2026/Lab4/Quartus/main.v Line: 5
    Warning (13410): Pin "HEX3[0]" is stuck at VCC File: C:/Users/jddow/OneDrive/Documents/Github/ENCE_3100_Jefferson_Downes_2026/Lab4/Quartus/main.v Line: 5
    Warning (13410): Pin "HEX3[1]" is stuck at VCC File: C:/Users/jddow/OneDrive/Documents/Github/ENCE_3100_Jefferson_Downes_2026/Lab4/Quartus/main.v Line: 5
    Warning (13410): Pin "HEX3[2]" is stuck at VCC File: C:/Users/jddow/OneDrive/Documents/Github/ENCE_3100_Jefferson_Downes_2026/Lab4/Quartus/main.v Line: 5
    Warning (13410): Pin "HEX3[3]" is stuck at VCC File: C:/Users/jddow/OneDrive/Documents/Github/ENCE_3100_Jefferson_Downes_2026/Lab4/Quartus/main.v Line: 5
    Warning (13410): Pin "HEX3[4]" is stuck at VCC File: C:/Users/jddow/OneDrive/Documents/Github/ENCE_3100_Jefferson_Downes_2026/Lab4/Quartus/main.v Line: 5
    Warning (13410): Pin "HEX3[5]" is stuck at VCC File: C:/Users/jddow/OneDrive/Documents/Github/ENCE_3100_Jefferson_Downes_2026/Lab4/Quartus/main.v Line: 5
    Warning (13410): Pin "HEX3[6]" is stuck at VCC File: C:/Users/jddow/OneDrive/Documents/Github/ENCE_3100_Jefferson_Downes_2026/Lab4/Quartus/main.v Line: 5
    Warning (13410): Pin "HEX3[7]" is stuck at VCC File: C:/Users/jddow/OneDrive/Documents/Github/ENCE_3100_Jefferson_Downes_2026/Lab4/Quartus/main.v Line: 5
    Warning (13410): Pin "HEX4[0]" is stuck at VCC File: C:/Users/jddow/OneDrive/Documents/Github/ENCE_3100_Jefferson_Downes_2026/Lab4/Quartus/main.v Line: 5
    Warning (13410): Pin "HEX4[1]" is stuck at VCC File: C:/Users/jddow/OneDrive/Documents/Github/ENCE_3100_Jefferson_Downes_2026/Lab4/Quartus/main.v Line: 5
    Warning (13410): Pin "HEX4[2]" is stuck at VCC File: C:/Users/jddow/OneDrive/Documents/Github/ENCE_3100_Jefferson_Downes_2026/Lab4/Quartus/main.v Line: 5
    Warning (13410): Pin "HEX4[3]" is stuck at VCC File: C:/Users/jddow/OneDrive/Documents/Github/ENCE_3100_Jefferson_Downes_2026/Lab4/Quartus/main.v Line: 5
    Warning (13410): Pin "HEX4[4]" is stuck at VCC File: C:/Users/jddow/OneDrive/Documents/Github/ENCE_3100_Jefferson_Downes_2026/Lab4/Quartus/main.v Line: 5
    Warning (13410): Pin "HEX4[5]" is stuck at VCC File: C:/Users/jddow/OneDrive/Documents/Github/ENCE_3100_Jefferson_Downes_2026/Lab4/Quartus/main.v Line: 5
    Warning (13410): Pin "HEX4[6]" is stuck at VCC File: C:/Users/jddow/OneDrive/Documents/Github/ENCE_3100_Jefferson_Downes_2026/Lab4/Quartus/main.v Line: 5
    Warning (13410): Pin "HEX4[7]" is stuck at VCC File: C:/Users/jddow/OneDrive/Documents/Github/ENCE_3100_Jefferson_Downes_2026/Lab4/Quartus/main.v Line: 5
    Warning (13410): Pin "HEX5[0]" is stuck at VCC File: C:/Users/jddow/OneDrive/Documents/Github/ENCE_3100_Jefferson_Downes_2026/Lab4/Quartus/main.v Line: 6
    Warning (13410): Pin "HEX5[1]" is stuck at VCC File: C:/Users/jddow/OneDrive/Documents/Github/ENCE_3100_Jefferson_Downes_2026/Lab4/Quartus/main.v Line: 6
    Warning (13410): Pin "HEX5[2]" is stuck at VCC File: C:/Users/jddow/OneDrive/Documents/Github/ENCE_3100_Jefferson_Downes_2026/Lab4/Quartus/main.v Line: 6
    Warning (13410): Pin "HEX5[3]" is stuck at VCC File: C:/Users/jddow/OneDrive/Documents/Github/ENCE_3100_Jefferson_Downes_2026/Lab4/Quartus/main.v Line: 6
    Warning (13410): Pin "HEX5[4]" is stuck at VCC File: C:/Users/jddow/OneDrive/Documents/Github/ENCE_3100_Jefferson_Downes_2026/Lab4/Quartus/main.v Line: 6
    Warning (13410): Pin "HEX5[5]" is stuck at VCC File: C:/Users/jddow/OneDrive/Documents/Github/ENCE_3100_Jefferson_Downes_2026/Lab4/Quartus/main.v Line: 6
    Warning (13410): Pin "HEX5[6]" is stuck at VCC File: C:/Users/jddow/OneDrive/Documents/Github/ENCE_3100_Jefferson_Downes_2026/Lab4/Quartus/main.v Line: 6
    Warning (13410): Pin "HEX5[7]" is stuck at VCC File: C:/Users/jddow/OneDrive/Documents/Github/ENCE_3100_Jefferson_Downes_2026/Lab4/Quartus/main.v Line: 6
Info (286030): Timing-Driven Synthesis is running
Info (16010): Generating hard_block partition "hard_block:auto_generated_inst"
    Info (16011): Adding 0 node(s), including 0 DDIO, 0 PLL, 0 transceiver and 0 LCELL
Warning (21074): Design contains 8 input pin(s) that do not drive logic
    Warning (15610): No output dependent on input pin "SW[1]" File: C:/Users/jddow/OneDrive/Documents/Github/ENCE_3100_Jefferson_Downes_2026/Lab4/Quartus/main.v Line: 2
    Warning (15610): No output dependent on input pin "SW[2]" File: C:/Users/jddow/OneDrive/Documents/Github/ENCE_3100_Jefferson_Downes_2026/Lab4/Quartus/main.v Line: 2
    Warning (15610): No output dependent on input pin "SW[3]" File: C:/Users/jddow/OneDrive/Documents/Github/ENCE_3100_Jefferson_Downes_2026/Lab4/Quartus/main.v Line: 2
    Warning (15610): No output dependent on input pin "SW[4]" File: C:/Users/jddow/OneDrive/Documents/Github/ENCE_3100_Jefferson_Downes_2026/Lab4/Quartus/main.v Line: 2
    Warning (15610): No output dependent on input pin "SW[5]" File: C:/Users/jddow/OneDrive/Documents/Github/ENCE_3100_Jefferson_Downes_2026/Lab4/Quartus/main.v Line: 2
    Warning (15610): No output dependent on input pin "SW[6]" File: C:/Users/jddow/OneDrive/Documents/Github/ENCE_3100_Jefferson_Downes_2026/Lab4/Quartus/main.v Line: 2
    Warning (15610): No output dependent on input pin "SW[7]" File: C:/Users/jddow/OneDrive/Documents/Github/ENCE_3100_Jefferson_Downes_2026/Lab4/Quartus/main.v Line: 2
    Warning (15610): No output dependent on input pin "SW[9]" File: C:/Users/jddow/OneDrive/Documents/Github/ENCE_3100_Jefferson_Downes_2026/Lab4/Quartus/main.v Line: 2
Info (21057): Implemented 133 device resources after synthesis - the final resource count might be different
    Info (21058): Implemented 11 input pins
    Info (21059): Implemented 58 output pins
    Info (21061): Implemented 64 logic cells
Info: Quartus Prime Analysis & Synthesis was successful. 0 errors, 61 warnings
    Info: Peak virtual memory: 4861 megabytes
    Info: Processing ended: Tue Sep 29 11:11:55 2026
    Info: Elapsed time: 00:00:07
    Info: Total CPU time (on all processors): 00:00:18


